Component: ARM Compiler 5.06 update 5 (build 528) Tool: armlink [4d35e2]

==============================================================================

Section Cross References

    matrix_multiplication.o(matrix) refers to matrix_multiplication.o(data) for Matrix_data


==============================================================================

Image Symbol Table

    Local Symbols

    Symbol Name                              Value     Ov Type        Size  Object(Section)

    matrix                                   0x00000000   Section     1056  matrix_multiplication.o(matrix)
    matrix_multiplication.s                  0x00000000   Number         0  matrix_multiplication.o ABSOLUTE
    data                                     0x00000420   Section     7200  matrix_multiplication.o(data)
    Matrix_data                              0x00000420   Data           0  matrix_multiplication.o(data)

    Global Symbols

    Symbol Name                              Value     Ov Type        Size  Object(Section)

    BuildAttributes$$THM_ISAv2$ARM_ISAv5$E$P$S$PE$A:L22$X:L11$S22$IEEE1$IW$USESV6$~STKCKD$USESV7$~SHL$OSPACE$EBA8$STANDARDLIB$PRES8$EABIv2 0x00000000   Number         0  anon$$obj.o ABSOLUTE



==============================================================================

Memory Map of the image

  Image Entry point : 0x00000000

  Load Region LR_1 (Base: 0x00000000, Size: 0x00002040, Max: 0xffffffff, ABSOLUTE)

    Execution Region ER_RO (Exec base: 0x00000000, Load base: 0x00000000, Size: 0x00000420, Max: 0xffffffff, ABSOLUTE)

    Exec Addr    Load Addr    Size         Type   Attr      Idx    E Section Name        Object

    0x00000000   0x00000000   0x00000420   Code   RO            1  * matrix              matrix_multiplication.o


    Execution Region ER_RW (Exec base: 0x00000420, Load base: 0x00000420, Size: 0x00001c20, Max: 0xffffffff, ABSOLUTE)

    Exec Addr    Load Addr    Size         Type   Attr      Idx    E Section Name        Object

    0x00000420   0x00000420   0x00001c20   Data   RW            2    data                matrix_multiplication.o


    Execution Region ER_ZI (Exec base: 0x00002040, Load base: 0x00002040, Size: 0x00000000, Max: 0xffffffff, ABSOLUTE)

    **** No section assigned to this execution region ****


==============================================================================

Image component sizes


      Code (inc. data)   RO Data    RW Data    ZI Data      Debug   Object Name

      1056         12          0       7200          0        564   matrix_multiplication.o

    ----------------------------------------------------------------------
      1056         12          0       7200          0        564   Object Totals
         0          0          0          0          0          0   (incl. Generated)
         0          0          0          0          0          0   (incl. Padding)

    ----------------------------------------------------------------------
         0          0          0          0          0          0   Library Totals
         0          0          0          0          0          0   (incl. Padding)

    ----------------------------------------------------------------------

==============================================================================


      Code (inc. data)   RO Data    RW Data    ZI Data      Debug   

      1056         12          0       7200          0        564   Grand Totals
      1056         12          0       7200          0        564   ELF Image Totals
      1056         12          0       7200          0          0   ROM Totals

==============================================================================

    Total RO  Size (Code + RO Data)                 1056 (   1.03kB)
    Total RW  Size (RW Data + ZI Data)              7200 (   7.03kB)
    Total ROM Size (Code + RO Data + RW Data)       8256 (   8.06kB)

==============================================================================

